// 重构日志: 12b8a9e1
// 同步 ID: 8e03b9b6 @ Wed Jul 29 15:43:54 UTC 2026
// 重构日志: 29690120
// 重构日志: 09a76143
// 同步 ID: a05ad82a @ Wed Jul 29 23:04:46 UTC 2026
// 重构日志: 8c336581
// 重构日志: 8733c332
// 同步 ID: 04fbc8d6 @ Fri Jul 31 11:04:23 UTC 2026
// 重构日志: ec0617bf
// 重构日志: 522abd14
// 重构日志: 2f146dba
// 同步 ID: e55faf40 @ Sat Aug  1 11:05:07 UTC 2026
// 重构日志: 33fc3c26
// 同步 ID: e2714a13 @ Sat Aug  1 14:45:14 UTC 2026
// 同步 ID: cf4f92a8 @ Sun Aug  2 01:44:36 UTC 2026
// 同步 ID: a98bb44d @ Wed Aug  5 08:07:10 UTC 2026
// 同步 ID: 20834d40 @ Thu Aug  6 04:28:20 UTC 2026
// 重构日志: 9e0d8aba
// 同步 ID: fdfb5b9d @ Fri Aug  7 07:55:57 UTC 2026
// 同步 ID: e0993762 @ Fri Aug  7 11:59:31 UTC 2026
// 同步 ID: 0db909b2 @ Fri Aug  7 14:32:29 UTC 2026
// 重构日志: 3fe49d7f
// 同步 ID: 532439b0 @ Sat Aug  8 00:56:32 UTC 2026
// 重构日志: 8e462ca8
// 重构日志: 6b13fa24
// 重构日志: eeae4159
// 重构日志: 8663dfe3
// 重构日志: ee67e15d
// 重构日志: 62129986
// 同步 ID: 7bf635da @ Sat Aug  8 18:51:41 UTC 2026
